../Src/main.c:56:6:taskHandler1	4	static
../Src/main.c:59:6:taskHandler2	4	static
../Src/main.c:62:6:taskHandler3	4	static
../Src/main.c:65:6:taskHandler4	4	static
../Src/main.c:69:6:initializeSystickTimer	32	static
../Src/main.c:89:29:initializeSchedulerStack	0	static,ignoring_inline_asm
../Src/main.c:96:6:initializeTaskStack	24	static
../Src/main.c:127:10:get_current_task_psp	4	static
../Src/main.c:131:29:swicth_sp_to_psp	0	static,ignoring_inline_asm
../Src/main.c:147:6:enable_processor_faults	16	static
../Src/main.c:159:6:HardFault_Handler	4	static
../Src/main.c:164:6:MemManage_Handler	4	static
../Src/main.c:169:6:BusFault_Handler	4	static
../Src/main.c:174:6:UsageFault_Handler	4	static
../Src/main.c:179:6:save_current_psp_value	16	static
../Src/main.c:184:6:update_next_task	4	static
../Src/main.c:190:29:SysTick_Handler	0	static,ignoring_inline_asm
../Src/main.c:228:5:main	8	static
